// 同步 ID: be7cc0ba @ Sun Jul 26 13:03:43 UTC 2026
// 同步 ID: cd793693 @ Mon Jul 27 09:25:50 UTC 2026
// 重构日志: cb1d1d59
// 同步 ID: 04c95b06 @ Mon Jul 27 16:22:08 UTC 2026
// 重构日志: c3f48ea1
// 同步 ID: 4d8f8f3f @ Tue Jul 28 06:10:02 UTC 2026
// 同步 ID: a0f7f22e @ Tue Jul 28 08:47:54 UTC 2026
// 重构日志: 9401e930
// 重构日志: 6813f44f
// 同步 ID: 034019da @ Thu Jul 30 03:32:49 UTC 2026
// 同步 ID: 3e3f5c07 @ Thu Jul 30 10:15:28 UTC 2026
// 重构日志: 8718a4af
// 重构日志: 396e07e6
// 重构日志: b2343303
// 重构日志: 54bae014
// 重构日志: 5e38bce8
// 同步 ID: 2a522c5e @ Sat Aug  1 14:00:43 UTC 2026
// 同步 ID: 94d43f62 @ Sat Aug  1 17:24:59 UTC 2026
// 重构日志: a7b15e9f
// 重构日志: 9050a093
// 同步 ID: 0d127c04 @ Tue Aug  4 04:07:42 UTC 2026
// 同步 ID: f66b127d @ Tue Aug  4 16:05:11 UTC 2026
// 重构日志: d66b32f7
// 同步 ID: 3f337c1b @ Wed Aug  5 16:54:09 UTC 2026
// 重构日志: 8841aa40
// 同步 ID: f882928c @ Fri Aug  7 04:29:19 UTC 2026
// 重构日志: e9665884
// 重构日志: e58c0cb0
// 同步 ID: b62fbeff @ Sat Aug  8 14:20:16 UTC 2026
// 同步 ID: 24ea02d0 @ Sat Aug  8 16:34:19 UTC 2026
